Cleaning up 3 unconfirmed accounts
Cleaning up 3 unconfirmed accounts
Cleaning up 3 unconfirmed accounts
Deleting unconfirmed user: arti3 (ktemyc776@gmail.com)
Deleting unconfirmed user: arti3 (ktemyc776@gmail.com)
Deleting unconfirmed user: arti3 (ktemyc776@gmail.com)
Deleting unconfirmed user: asdfasdf (asdfasdf@gmail.com)
Deleting unconfirmed user: aaaaaaaaa (aaaaaaaaa@gmail.com)
Cleanup completed
Deleting unconfirmed user: asdfasdf (asdfasdf@gmail.com)
Deleting unconfirmed user: aaaaaaaaa (aaaaaaaaa@gmail.com)
Cleanup completed
Deleting unconfirmed user: asdfasdf (asdfasdf@gmail.com)
Deleting unconfirmed user: aaaaaaaaa (aaaaaaaaa@gmail.com)
Cleanup completed
Cleaning up 1 unconfirmed accounts
Deleting unconfirmed user: sasa (sasaoveckin625@gmail.com)
Cleanup completed
Cleaning up 1 unconfirmed accounts
Deleting unconfirmed user: iteractiv (ruslangerman1989@gmail.com)
Cleanup completed
Cleaning up 1 unconfirmed accounts
Deleting unconfirmed user: iteractiv (ruslangerman1989@gmail.com)
Cleanup completed
Cleaning up 1 unconfirmed accounts
Deleting unconfirmed user: PRoX (kabanove.com.k80@gmail.com)
Cleaning up 1 unconfirmed accounts
Cleanup completed
Deleting unconfirmed user: PRoX (kabanove.com.k80@gmail.com)
Cleanup completed
Cleaning up 1 unconfirmed accounts
Deleting unconfirmed user: qweqwe (aaa@mail.ru)
Cleanup completed
Cleaning up 1 unconfirmed accounts
Deleting unconfirmed user: Sanch (alexander_rubtcovvv@gmail.com)
Cleaning up 1 unconfirmed accounts
Cleanup completed
Cleaning up 1 unconfirmed accounts
Deleting unconfirmed user: Sanch (alexander_rubtcovvv@gmail.com)
Deleting unconfirmed user: Sanch (alexander_rubtcovvv@gmail.com)
Cleanup completed
Cleanup completed
Cleaning up 1 unconfirmed accounts
Deleting unconfirmed user: Raris (borsukng10@gmail.com)
Cleanup completed
Exception on / [GET]
Traceback (most recent call last):
  File "/root/cc/ccsite/lib/python3.10/site-packages/sqlalchemy/engine/base.py", line 1967, in _exec_single_context
    self.dialect.do_execute(
  File "/root/cc/ccsite/lib/python3.10/site-packages/sqlalchemy/engine/default.py", line 951, in do_execute
    cursor.execute(statement, parameters)
sqlite3.OperationalError: no such column: user.has_license

The above exception was the direct cause of the following exception:

Traceback (most recent call last):
  File "/root/cc/ccsite/lib/python3.10/site-packages/flask/app.py", line 1511, in wsgi_app
    response = self.full_dispatch_request()
  File "/root/cc/ccsite/lib/python3.10/site-packages/flask/app.py", line 919, in full_dispatch_request
    rv = self.handle_user_exception(e)
  File "/root/cc/ccsite/lib/python3.10/site-packages/flask_cors/extension.py", line 176, in wrapped_function
    return cors_after_request(app.make_response(f(*args, **kwargs)))
  File "/root/cc/ccsite/lib/python3.10/site-packages/flask/app.py", line 917, in full_dispatch_request
    rv = self.dispatch_request()
  File "/root/cc/ccsite/lib/python3.10/site-packages/flask/app.py", line 902, in dispatch_request
    return self.ensure_sync(self.view_functions[rule.endpoint])(**view_args)  # type: ignore[no-any-return]
  File "/root/cc/app.py", line 171, in index
    return render_template('index.html')
  File "/root/cc/ccsite/lib/python3.10/site-packages/flask/templating.py", line 150, in render_template
    return _render(app, template, context)
  File "/root/cc/ccsite/lib/python3.10/site-packages/flask/templating.py", line 127, in _render
    app.update_template_context(context)
  File "/root/cc/ccsite/lib/python3.10/site-packages/flask/app.py", line 530, in update_template_context
    context.update(self.ensure_sync(func)())
  File "/root/cc/ccsite/lib/python3.10/site-packages/flask_login/utils.py", line 405, in _user_context_processor
    return dict(current_user=_get_user())
  File "/root/cc/ccsite/lib/python3.10/site-packages/flask_login/utils.py", line 370, in _get_user
    current_app.login_manager._load_user()
  File "/root/cc/ccsite/lib/python3.10/site-packages/flask_login/login_manager.py", line 364, in _load_user
    user = self._user_callback(user_id)
  File "/root/cc/app.py", line 114, in load_user
    return User.query.get(int(user_id))
  File "<string>", line 2, in get
  File "/root/cc/ccsite/lib/python3.10/site-packages/sqlalchemy/util/deprecations.py", line 386, in warned
    return fn(*args, **kwargs)  # type: ignore[no-any-return]
  File "/root/cc/ccsite/lib/python3.10/site-packages/sqlalchemy/orm/query.py", line 1126, in get
    return self._get_impl(ident, loading.load_on_pk_identity)
  File "/root/cc/ccsite/lib/python3.10/site-packages/sqlalchemy/orm/query.py", line 1135, in _get_impl
    return self.session._get_impl(
  File "/root/cc/ccsite/lib/python3.10/site-packages/sqlalchemy/orm/session.py", line 3873, in _get_impl
    return db_load_fn(
  File "/root/cc/ccsite/lib/python3.10/site-packages/sqlalchemy/orm/loading.py", line 695, in load_on_pk_identity
    session.execute(
  File "/root/cc/ccsite/lib/python3.10/site-packages/sqlalchemy/orm/session.py", line 2365, in execute
    return self._execute_internal(
  File "/root/cc/ccsite/lib/python3.10/site-packages/sqlalchemy/orm/session.py", line 2251, in _execute_internal
    result: Result[Any] = compile_state_cls.orm_execute_statement(
  File "/root/cc/ccsite/lib/python3.10/site-packages/sqlalchemy/orm/context.py", line 306, in orm_execute_statement
    result = conn.execute(
  File "/root/cc/ccsite/lib/python3.10/site-packages/sqlalchemy/engine/base.py", line 1419, in execute
    return meth(
  File "/root/cc/ccsite/lib/python3.10/site-packages/sqlalchemy/sql/elements.py", line 526, in _execute_on_connection
    return connection._execute_clauseelement(
  File "/root/cc/ccsite/lib/python3.10/site-packages/sqlalchemy/engine/base.py", line 1641, in _execute_clauseelement
    ret = self._execute_context(
  File "/root/cc/ccsite/lib/python3.10/site-packages/sqlalchemy/engine/base.py", line 1846, in _execute_context
    return self._exec_single_context(
  File "/root/cc/ccsite/lib/python3.10/site-packages/sqlalchemy/engine/base.py", line 1986, in _exec_single_context
    self._handle_dbapi_exception(
  File "/root/cc/ccsite/lib/python3.10/site-packages/sqlalchemy/engine/base.py", line 2355, in _handle_dbapi_exception
    raise sqlalchemy_exception.with_traceback(exc_info[2]) from e
  File "/root/cc/ccsite/lib/python3.10/site-packages/sqlalchemy/engine/base.py", line 1967, in _exec_single_context
    self.dialect.do_execute(
  File "/root/cc/ccsite/lib/python3.10/site-packages/sqlalchemy/engine/default.py", line 951, in do_execute
    cursor.execute(statement, parameters)
sqlalchemy.exc.OperationalError: (sqlite3.OperationalError) no such column: user.has_license
[SQL: SELECT user.id AS user_id, user.username AS user_username, user.email AS user_email, user.password_hash AS user_password_hash, user.email_confirmed AS user_email_confirmed, user.confirmed_at AS user_confirmed_at, user.has_license AS user_has_license, user.created_at AS user_created_at 
FROM user 
WHERE user.id = ?]
[parameters: (1,)]
(Background on this error at: https://sqlalche.me/e/20/e3q8)
Exception on / [GET]
Traceback (most recent call last):
  File "/root/cc/ccsite/lib/python3.10/site-packages/sqlalchemy/engine/base.py", line 1967, in _exec_single_context
    self.dialect.do_execute(
  File "/root/cc/ccsite/lib/python3.10/site-packages/sqlalchemy/engine/default.py", line 951, in do_execute
    cursor.execute(statement, parameters)
sqlite3.OperationalError: no such column: user.has_license

The above exception was the direct cause of the following exception:

Traceback (most recent call last):
  File "/root/cc/ccsite/lib/python3.10/site-packages/flask/app.py", line 1511, in wsgi_app
    response = self.full_dispatch_request()
  File "/root/cc/ccsite/lib/python3.10/site-packages/flask/app.py", line 919, in full_dispatch_request
    rv = self.handle_user_exception(e)
  File "/root/cc/ccsite/lib/python3.10/site-packages/flask_cors/extension.py", line 176, in wrapped_function
    return cors_after_request(app.make_response(f(*args, **kwargs)))
  File "/root/cc/ccsite/lib/python3.10/site-packages/flask/app.py", line 917, in full_dispatch_request
    rv = self.dispatch_request()
  File "/root/cc/ccsite/lib/python3.10/site-packages/flask/app.py", line 902, in dispatch_request
    return self.ensure_sync(self.view_functions[rule.endpoint])(**view_args)  # type: ignore[no-any-return]
  File "/root/cc/app.py", line 171, in index
    return render_template('index.html')
  File "/root/cc/ccsite/lib/python3.10/site-packages/flask/templating.py", line 150, in render_template
    return _render(app, template, context)
  File "/root/cc/ccsite/lib/python3.10/site-packages/flask/templating.py", line 127, in _render
    app.update_template_context(context)
  File "/root/cc/ccsite/lib/python3.10/site-packages/flask/app.py", line 530, in update_template_context
    context.update(self.ensure_sync(func)())
  File "/root/cc/ccsite/lib/python3.10/site-packages/flask_login/utils.py", line 405, in _user_context_processor
    return dict(current_user=_get_user())
  File "/root/cc/ccsite/lib/python3.10/site-packages/flask_login/utils.py", line 370, in _get_user
    current_app.login_manager._load_user()
  File "/root/cc/ccsite/lib/python3.10/site-packages/flask_login/login_manager.py", line 364, in _load_user
    user = self._user_callback(user_id)
  File "/root/cc/app.py", line 114, in load_user
    return User.query.get(int(user_id))
  File "<string>", line 2, in get
  File "/root/cc/ccsite/lib/python3.10/site-packages/sqlalchemy/util/deprecations.py", line 386, in warned
    return fn(*args, **kwargs)  # type: ignore[no-any-return]
  File "/root/cc/ccsite/lib/python3.10/site-packages/sqlalchemy/orm/query.py", line 1126, in get
    return self._get_impl(ident, loading.load_on_pk_identity)
  File "/root/cc/ccsite/lib/python3.10/site-packages/sqlalchemy/orm/query.py", line 1135, in _get_impl
    return self.session._get_impl(
  File "/root/cc/ccsite/lib/python3.10/site-packages/sqlalchemy/orm/session.py", line 3873, in _get_impl
    return db_load_fn(
  File "/root/cc/ccsite/lib/python3.10/site-packages/sqlalchemy/orm/loading.py", line 695, in load_on_pk_identity
    session.execute(
  File "/root/cc/ccsite/lib/python3.10/site-packages/sqlalchemy/orm/session.py", line 2365, in execute
    return self._execute_internal(
  File "/root/cc/ccsite/lib/python3.10/site-packages/sqlalchemy/orm/session.py", line 2251, in _execute_internal
    result: Result[Any] = compile_state_cls.orm_execute_statement(
  File "/root/cc/ccsite/lib/python3.10/site-packages/sqlalchemy/orm/context.py", line 306, in orm_execute_statement
    result = conn.execute(
  File "/root/cc/ccsite/lib/python3.10/site-packages/sqlalchemy/engine/base.py", line 1419, in execute
    return meth(
  File "/root/cc/ccsite/lib/python3.10/site-packages/sqlalchemy/sql/elements.py", line 526, in _execute_on_connection
    return connection._execute_clauseelement(
  File "/root/cc/ccsite/lib/python3.10/site-packages/sqlalchemy/engine/base.py", line 1641, in _execute_clauseelement
    ret = self._execute_context(
  File "/root/cc/ccsite/lib/python3.10/site-packages/sqlalchemy/engine/base.py", line 1846, in _execute_context
    return self._exec_single_context(
  File "/root/cc/ccsite/lib/python3.10/site-packages/sqlalchemy/engine/base.py", line 1986, in _exec_single_context
    self._handle_dbapi_exception(
  File "/root/cc/ccsite/lib/python3.10/site-packages/sqlalchemy/engine/base.py", line 2355, in _handle_dbapi_exception
    raise sqlalchemy_exception.with_traceback(exc_info[2]) from e
  File "/root/cc/ccsite/lib/python3.10/site-packages/sqlalchemy/engine/base.py", line 1967, in _exec_single_context
    self.dialect.do_execute(
  File "/root/cc/ccsite/lib/python3.10/site-packages/sqlalchemy/engine/default.py", line 951, in do_execute
    cursor.execute(statement, parameters)
sqlalchemy.exc.OperationalError: (sqlite3.OperationalError) no such column: user.has_license
[SQL: SELECT user.id AS user_id, user.username AS user_username, user.email AS user_email, user.password_hash AS user_password_hash, user.email_confirmed AS user_email_confirmed, user.confirmed_at AS user_confirmed_at, user.has_license AS user_has_license, user.created_at AS user_created_at 
FROM user 
WHERE user.id = ?]
[parameters: (1,)]
(Background on this error at: https://sqlalche.me/e/20/e3q8)
Exception on / [GET]
Traceback (most recent call last):
  File "/root/cc/ccsite/lib/python3.10/site-packages/sqlalchemy/engine/base.py", line 1967, in _exec_single_context
    self.dialect.do_execute(
  File "/root/cc/ccsite/lib/python3.10/site-packages/sqlalchemy/engine/default.py", line 951, in do_execute
    cursor.execute(statement, parameters)
sqlite3.OperationalError: no such column: user.has_license

The above exception was the direct cause of the following exception:

Traceback (most recent call last):
  File "/root/cc/ccsite/lib/python3.10/site-packages/flask/app.py", line 1511, in wsgi_app
    response = self.full_dispatch_request()
  File "/root/cc/ccsite/lib/python3.10/site-packages/flask/app.py", line 919, in full_dispatch_request
    rv = self.handle_user_exception(e)
  File "/root/cc/ccsite/lib/python3.10/site-packages/flask_cors/extension.py", line 176, in wrapped_function
    return cors_after_request(app.make_response(f(*args, **kwargs)))
  File "/root/cc/ccsite/lib/python3.10/site-packages/flask/app.py", line 917, in full_dispatch_request
    rv = self.dispatch_request()
  File "/root/cc/ccsite/lib/python3.10/site-packages/flask/app.py", line 902, in dispatch_request
    return self.ensure_sync(self.view_functions[rule.endpoint])(**view_args)  # type: ignore[no-any-return]
  File "/root/cc/app.py", line 171, in index
    return render_template('index.html')
  File "/root/cc/ccsite/lib/python3.10/site-packages/flask/templating.py", line 150, in render_template
    return _render(app, template, context)
  File "/root/cc/ccsite/lib/python3.10/site-packages/flask/templating.py", line 127, in _render
    app.update_template_context(context)
  File "/root/cc/ccsite/lib/python3.10/site-packages/flask/app.py", line 530, in update_template_context
    context.update(self.ensure_sync(func)())
  File "/root/cc/ccsite/lib/python3.10/site-packages/flask_login/utils.py", line 405, in _user_context_processor
    return dict(current_user=_get_user())
  File "/root/cc/ccsite/lib/python3.10/site-packages/flask_login/utils.py", line 370, in _get_user
    current_app.login_manager._load_user()
  File "/root/cc/ccsite/lib/python3.10/site-packages/flask_login/login_manager.py", line 364, in _load_user
    user = self._user_callback(user_id)
  File "/root/cc/app.py", line 114, in load_user
    return User.query.get(int(user_id))
  File "<string>", line 2, in get
  File "/root/cc/ccsite/lib/python3.10/site-packages/sqlalchemy/util/deprecations.py", line 386, in warned
    return fn(*args, **kwargs)  # type: ignore[no-any-return]
  File "/root/cc/ccsite/lib/python3.10/site-packages/sqlalchemy/orm/query.py", line 1126, in get
    return self._get_impl(ident, loading.load_on_pk_identity)
  File "/root/cc/ccsite/lib/python3.10/site-packages/sqlalchemy/orm/query.py", line 1135, in _get_impl
    return self.session._get_impl(
  File "/root/cc/ccsite/lib/python3.10/site-packages/sqlalchemy/orm/session.py", line 3873, in _get_impl
    return db_load_fn(
  File "/root/cc/ccsite/lib/python3.10/site-packages/sqlalchemy/orm/loading.py", line 695, in load_on_pk_identity
    session.execute(
  File "/root/cc/ccsite/lib/python3.10/site-packages/sqlalchemy/orm/session.py", line 2365, in execute
    return self._execute_internal(
  File "/root/cc/ccsite/lib/python3.10/site-packages/sqlalchemy/orm/session.py", line 2251, in _execute_internal
    result: Result[Any] = compile_state_cls.orm_execute_statement(
  File "/root/cc/ccsite/lib/python3.10/site-packages/sqlalchemy/orm/context.py", line 306, in orm_execute_statement
    result = conn.execute(
  File "/root/cc/ccsite/lib/python3.10/site-packages/sqlalchemy/engine/base.py", line 1419, in execute
    return meth(
  File "/root/cc/ccsite/lib/python3.10/site-packages/sqlalchemy/sql/elements.py", line 526, in _execute_on_connection
    return connection._execute_clauseelement(
  File "/root/cc/ccsite/lib/python3.10/site-packages/sqlalchemy/engine/base.py", line 1641, in _execute_clauseelement
    ret = self._execute_context(
  File "/root/cc/ccsite/lib/python3.10/site-packages/sqlalchemy/engine/base.py", line 1846, in _execute_context
    return self._exec_single_context(
  File "/root/cc/ccsite/lib/python3.10/site-packages/sqlalchemy/engine/base.py", line 1986, in _exec_single_context
    self._handle_dbapi_exception(
  File "/root/cc/ccsite/lib/python3.10/site-packages/sqlalchemy/engine/base.py", line 2355, in _handle_dbapi_exception
    raise sqlalchemy_exception.with_traceback(exc_info[2]) from e
  File "/root/cc/ccsite/lib/python3.10/site-packages/sqlalchemy/engine/base.py", line 1967, in _exec_single_context
    self.dialect.do_execute(
  File "/root/cc/ccsite/lib/python3.10/site-packages/sqlalchemy/engine/default.py", line 951, in do_execute
    cursor.execute(statement, parameters)
sqlalchemy.exc.OperationalError: (sqlite3.OperationalError) no such column: user.has_license
[SQL: SELECT user.id AS user_id, user.username AS user_username, user.email AS user_email, user.password_hash AS user_password_hash, user.email_confirmed AS user_email_confirmed, user.confirmed_at AS user_confirmed_at, user.has_license AS user_has_license, user.created_at AS user_created_at 
FROM user 
WHERE user.id = ?]
[parameters: (1,)]
(Background on this error at: https://sqlalche.me/e/20/e3q8)
Exception on / [GET]
Traceback (most recent call last):
  File "/root/cc/ccsite/lib/python3.10/site-packages/sqlalchemy/engine/base.py", line 1967, in _exec_single_context
    self.dialect.do_execute(
  File "/root/cc/ccsite/lib/python3.10/site-packages/sqlalchemy/engine/default.py", line 951, in do_execute
    cursor.execute(statement, parameters)
sqlite3.OperationalError: no such column: user.has_license

The above exception was the direct cause of the following exception:

Traceback (most recent call last):
  File "/root/cc/ccsite/lib/python3.10/site-packages/flask/app.py", line 1511, in wsgi_app
    response = self.full_dispatch_request()
  File "/root/cc/ccsite/lib/python3.10/site-packages/flask/app.py", line 919, in full_dispatch_request
    rv = self.handle_user_exception(e)
  File "/root/cc/ccsite/lib/python3.10/site-packages/flask_cors/extension.py", line 176, in wrapped_function
    return cors_after_request(app.make_response(f(*args, **kwargs)))
  File "/root/cc/ccsite/lib/python3.10/site-packages/flask/app.py", line 917, in full_dispatch_request
    rv = self.dispatch_request()
  File "/root/cc/ccsite/lib/python3.10/site-packages/flask/app.py", line 902, in dispatch_request
    return self.ensure_sync(self.view_functions[rule.endpoint])(**view_args)  # type: ignore[no-any-return]
  File "/root/cc/app.py", line 173, in index
    return render_template('index.html')
  File "/root/cc/ccsite/lib/python3.10/site-packages/flask/templating.py", line 150, in render_template
    return _render(app, template, context)
  File "/root/cc/ccsite/lib/python3.10/site-packages/flask/templating.py", line 127, in _render
    app.update_template_context(context)
  File "/root/cc/ccsite/lib/python3.10/site-packages/flask/app.py", line 530, in update_template_context
    context.update(self.ensure_sync(func)())
  File "/root/cc/ccsite/lib/python3.10/site-packages/flask_login/utils.py", line 405, in _user_context_processor
    return dict(current_user=_get_user())
  File "/root/cc/ccsite/lib/python3.10/site-packages/flask_login/utils.py", line 370, in _get_user
    current_app.login_manager._load_user()
  File "/root/cc/ccsite/lib/python3.10/site-packages/flask_login/login_manager.py", line 364, in _load_user
    user = self._user_callback(user_id)
  File "/root/cc/app.py", line 116, in load_user
    return User.query.get(int(user_id))
  File "<string>", line 2, in get
  File "/root/cc/ccsite/lib/python3.10/site-packages/sqlalchemy/util/deprecations.py", line 386, in warned
    return fn(*args, **kwargs)  # type: ignore[no-any-return]
  File "/root/cc/ccsite/lib/python3.10/site-packages/sqlalchemy/orm/query.py", line 1126, in get
    return self._get_impl(ident, loading.load_on_pk_identity)
  File "/root/cc/ccsite/lib/python3.10/site-packages/sqlalchemy/orm/query.py", line 1135, in _get_impl
    return self.session._get_impl(
  File "/root/cc/ccsite/lib/python3.10/site-packages/sqlalchemy/orm/session.py", line 3873, in _get_impl
    return db_load_fn(
  File "/root/cc/ccsite/lib/python3.10/site-packages/sqlalchemy/orm/loading.py", line 695, in load_on_pk_identity
    session.execute(
  File "/root/cc/ccsite/lib/python3.10/site-packages/sqlalchemy/orm/session.py", line 2365, in execute
    return self._execute_internal(
  File "/root/cc/ccsite/lib/python3.10/site-packages/sqlalchemy/orm/session.py", line 2251, in _execute_internal
    result: Result[Any] = compile_state_cls.orm_execute_statement(
  File "/root/cc/ccsite/lib/python3.10/site-packages/sqlalchemy/orm/context.py", line 306, in orm_execute_statement
    result = conn.execute(
  File "/root/cc/ccsite/lib/python3.10/site-packages/sqlalchemy/engine/base.py", line 1419, in execute
    return meth(
  File "/root/cc/ccsite/lib/python3.10/site-packages/sqlalchemy/sql/elements.py", line 526, in _execute_on_connection
    return connection._execute_clauseelement(
  File "/root/cc/ccsite/lib/python3.10/site-packages/sqlalchemy/engine/base.py", line 1641, in _execute_clauseelement
    ret = self._execute_context(
  File "/root/cc/ccsite/lib/python3.10/site-packages/sqlalchemy/engine/base.py", line 1846, in _execute_context
    return self._exec_single_context(
  File "/root/cc/ccsite/lib/python3.10/site-packages/sqlalchemy/engine/base.py", line 1986, in _exec_single_context
    self._handle_dbapi_exception(
  File "/root/cc/ccsite/lib/python3.10/site-packages/sqlalchemy/engine/base.py", line 2355, in _handle_dbapi_exception
    raise sqlalchemy_exception.with_traceback(exc_info[2]) from e
  File "/root/cc/ccsite/lib/python3.10/site-packages/sqlalchemy/engine/base.py", line 1967, in _exec_single_context
    self.dialect.do_execute(
  File "/root/cc/ccsite/lib/python3.10/site-packages/sqlalchemy/engine/default.py", line 951, in do_execute
    cursor.execute(statement, parameters)
sqlalchemy.exc.OperationalError: (sqlite3.OperationalError) no such column: user.has_license
[SQL: SELECT user.id AS user_id, user.username AS user_username, user.email AS user_email, user.password_hash AS user_password_hash, user.email_confirmed AS user_email_confirmed, user.confirmed_at AS user_confirmed_at, user.has_license AS user_has_license, user.created_at AS user_created_at 
FROM user 
WHERE user.id = ?]
[parameters: (1,)]
(Background on this error at: https://sqlalche.me/e/20/e3q8)
Exception on / [GET]
Traceback (most recent call last):
  File "/root/cc/ccsite/lib/python3.10/site-packages/sqlalchemy/engine/base.py", line 1967, in _exec_single_context
    self.dialect.do_execute(
  File "/root/cc/ccsite/lib/python3.10/site-packages/sqlalchemy/engine/default.py", line 951, in do_execute
    cursor.execute(statement, parameters)
sqlite3.OperationalError: no such column: user.has_license

The above exception was the direct cause of the following exception:

Traceback (most recent call last):
  File "/root/cc/ccsite/lib/python3.10/site-packages/flask/app.py", line 1511, in wsgi_app
    response = self.full_dispatch_request()
  File "/root/cc/ccsite/lib/python3.10/site-packages/flask/app.py", line 919, in full_dispatch_request
    rv = self.handle_user_exception(e)
  File "/root/cc/ccsite/lib/python3.10/site-packages/flask_cors/extension.py", line 176, in wrapped_function
    return cors_after_request(app.make_response(f(*args, **kwargs)))
  File "/root/cc/ccsite/lib/python3.10/site-packages/flask/app.py", line 917, in full_dispatch_request
    rv = self.dispatch_request()
  File "/root/cc/ccsite/lib/python3.10/site-packages/flask/app.py", line 902, in dispatch_request
    return self.ensure_sync(self.view_functions[rule.endpoint])(**view_args)  # type: ignore[no-any-return]
  File "/root/cc/app.py", line 173, in index
    return render_template('index.html')
  File "/root/cc/ccsite/lib/python3.10/site-packages/flask/templating.py", line 150, in render_template
    return _render(app, template, context)
  File "/root/cc/ccsite/lib/python3.10/site-packages/flask/templating.py", line 127, in _render
    app.update_template_context(context)
  File "/root/cc/ccsite/lib/python3.10/site-packages/flask/app.py", line 530, in update_template_context
    context.update(self.ensure_sync(func)())
  File "/root/cc/ccsite/lib/python3.10/site-packages/flask_login/utils.py", line 405, in _user_context_processor
    return dict(current_user=_get_user())
  File "/root/cc/ccsite/lib/python3.10/site-packages/flask_login/utils.py", line 370, in _get_user
    current_app.login_manager._load_user()
  File "/root/cc/ccsite/lib/python3.10/site-packages/flask_login/login_manager.py", line 364, in _load_user
    user = self._user_callback(user_id)
  File "/root/cc/app.py", line 116, in load_user
    return User.query.get(int(user_id))
  File "<string>", line 2, in get
  File "/root/cc/ccsite/lib/python3.10/site-packages/sqlalchemy/util/deprecations.py", line 386, in warned
    return fn(*args, **kwargs)  # type: ignore[no-any-return]
  File "/root/cc/ccsite/lib/python3.10/site-packages/sqlalchemy/orm/query.py", line 1126, in get
    return self._get_impl(ident, loading.load_on_pk_identity)
  File "/root/cc/ccsite/lib/python3.10/site-packages/sqlalchemy/orm/query.py", line 1135, in _get_impl
    return self.session._get_impl(
  File "/root/cc/ccsite/lib/python3.10/site-packages/sqlalchemy/orm/session.py", line 3873, in _get_impl
    return db_load_fn(
  File "/root/cc/ccsite/lib/python3.10/site-packages/sqlalchemy/orm/loading.py", line 695, in load_on_pk_identity
    session.execute(
  File "/root/cc/ccsite/lib/python3.10/site-packages/sqlalchemy/orm/session.py", line 2365, in execute
    return self._execute_internal(
  File "/root/cc/ccsite/lib/python3.10/site-packages/sqlalchemy/orm/session.py", line 2251, in _execute_internal
    result: Result[Any] = compile_state_cls.orm_execute_statement(
  File "/root/cc/ccsite/lib/python3.10/site-packages/sqlalchemy/orm/context.py", line 306, in orm_execute_statement
    result = conn.execute(
  File "/root/cc/ccsite/lib/python3.10/site-packages/sqlalchemy/engine/base.py", line 1419, in execute
    return meth(
  File "/root/cc/ccsite/lib/python3.10/site-packages/sqlalchemy/sql/elements.py", line 526, in _execute_on_connection
    return connection._execute_clauseelement(
  File "/root/cc/ccsite/lib/python3.10/site-packages/sqlalchemy/engine/base.py", line 1641, in _execute_clauseelement
    ret = self._execute_context(
  File "/root/cc/ccsite/lib/python3.10/site-packages/sqlalchemy/engine/base.py", line 1846, in _execute_context
    return self._exec_single_context(
  File "/root/cc/ccsite/lib/python3.10/site-packages/sqlalchemy/engine/base.py", line 1986, in _exec_single_context
    self._handle_dbapi_exception(
  File "/root/cc/ccsite/lib/python3.10/site-packages/sqlalchemy/engine/base.py", line 2355, in _handle_dbapi_exception
    raise sqlalchemy_exception.with_traceback(exc_info[2]) from e
  File "/root/cc/ccsite/lib/python3.10/site-packages/sqlalchemy/engine/base.py", line 1967, in _exec_single_context
    self.dialect.do_execute(
  File "/root/cc/ccsite/lib/python3.10/site-packages/sqlalchemy/engine/default.py", line 951, in do_execute
    cursor.execute(statement, parameters)
sqlalchemy.exc.OperationalError: (sqlite3.OperationalError) no such column: user.has_license
[SQL: SELECT user.id AS user_id, user.username AS user_username, user.email AS user_email, user.password_hash AS user_password_hash, user.email_confirmed AS user_email_confirmed, user.confirmed_at AS user_confirmed_at, user.has_license AS user_has_license, user.created_at AS user_created_at 
FROM user 
WHERE user.id = ?]
[parameters: (1,)]
(Background on this error at: https://sqlalche.me/e/20/e3q8)
Exception on /servers.jsp [GET]
Traceback (most recent call last):
  File "/root/cc/ccsite/lib/python3.10/site-packages/sqlalchemy/engine/base.py", line 1967, in _exec_single_context
    self.dialect.do_execute(
  File "/root/cc/ccsite/lib/python3.10/site-packages/sqlalchemy/engine/default.py", line 951, in do_execute
    cursor.execute(statement